// Vitest Snapshot v1

exports[`additionalInputsStylesTypes - Manifest V3 1`] = `
[
  {
    "fileName": "assets/style1.css",
    "name": "style1.css",
    "source": "body {
  color: red;
}
",
    "type": "asset",
  },
  {
    "fileName": "assets/style2.css",
    "name": "style2.css",
    "source": "body {
  color: green;
}",
    "type": "asset",
  },
  {
    "fileName": "manifest.json",
    "name": undefined,
    "source": "{
  \\"version\\": \\"1.0.0\\",
  \\"name\\": \\"Manifest Name\\",
  \\"manifest_version\\": 3
}",
    "type": "asset",
  },
]
`;
