// Vitest Snapshot v1

exports[`additionalInputsWebAccessible - Manifest V3 1`] = `
[
  {
    "fileName": "test/manifest/resources/additionalInputsWebAccessible/script1.js",
    "name": undefined,
    "source": "console.log(\\"script1\\");
",
    "type": "asset",
  },
  {
    "fileName": "test/manifest/resources/additionalInputsWebAccessible/script2.js",
    "name": undefined,
    "source": "console.log(\\"script2\\");
",
    "type": "asset",
  },
  {
    "fileName": "test/manifest/resources/additionalInputsWebAccessible/script3.js",
    "name": undefined,
    "source": "console.log(\\"script3\\");
",
    "type": "asset",
  },
  {
    "fileName": "test/manifest/resources/additionalInputsWebAccessible/script4.js",
    "name": undefined,
    "source": "console.log(\\"script4\\");
",
    "type": "asset",
  },
  {
    "fileName": "test/manifest/resources/additionalInputsWebAccessible/script5.js",
    "name": undefined,
    "source": "console.log(\\"script5\\");
",
    "type": "asset",
  },
  {
    "fileName": "test/manifest/resources/additionalInputsWebAccessible/script6.js",
    "name": undefined,
    "source": "console.log(\\"script6\\");
",
    "type": "asset",
  },
  {
    "fileName": "manifest.json",
    "name": undefined,
    "source": "{
  \\"version\\": \\"1.0.0\\",
  \\"name\\": \\"Manifest Name\\",
  \\"manifest_version\\": 3,
  \\"web_accessible_resources\\": [
    {
      \\"resources\\": [
        \\"test/manifest/resources/additionalInputsWebAccessible/script3.js\\"
      ],
      \\"matches\\": [
        \\"<all_urls>\\"
      ]
    },
    {
      \\"resources\\": [
        \\"test/manifest/resources/additionalInputsWebAccessible/script4.js\\"
      ],
      \\"matches\\": [
        \\"https://example.com/\\"
      ]
    },
    {
      \\"resources\\": [
        \\"test/manifest/resources/additionalInputsWebAccessible/script5.js\\"
      ],
      \\"extension_ids\\": [
        \\"oilkjaldkfjlasdf\\"
      ]
    },
    {
      \\"resources\\": [
        \\"test/manifest/resources/additionalInputsWebAccessible/script6.js\\"
      ],
      \\"matches\\": [
        \\"https://example.com/\\"
      ],
      \\"use_dynamic_url\\": true
    }
  ]
}",
    "type": "asset",
  },
]
`;
