// Vitest Snapshot v1, https://vitest.dev/guide/snapshot.html

exports[`additionalInputsHtml - Manifest V3 1`] = `
[
  {
    "fileName": "assets/html.css",
    "name": "html.css",
    "source": "body {
  color: red;
}
",
    "type": "asset",
  },
  {
    "code": "//#region test/manifest/resources/shared/log.js
function log(message) {
	console.log(message);
}
//#endregion
//#region test/manifest/resources/additionalInputsHtml/script.js
log("webAccessible");
//#endregion
",
    "dynamicImports": [],
    "exports": [],
    "facadeModuleId": "vite-plugin-web-extension/test/manifest/resources/additionalInputsHtml/html.html",
    "fileName": "assets/test/manifest/resources/additionalInputsHtml/html.js",
    "imports": [],
    "isDynamicEntry": false,
    "isEntry": true,
    "map": null,
    "modules": {
      "vite-plugin-web-extension/test/manifest/resources/additionalInputsHtml/html.html": {
        "code": null,
        "renderedExports": [],
        "renderedLength": 0,
      },
      "vite-plugin-web-extension/test/manifest/resources/additionalInputsHtml/script.js": {
        "code": "//#region test/manifest/resources/additionalInputsHtml/script.js
log("webAccessible");

//#endregion",
        "renderedExports": [],
        "renderedLength": 100,
      },
      "vite-plugin-web-extension/test/manifest/resources/additionalInputsHtml/style.css": {
        "code": null,
        "renderedExports": [],
        "renderedLength": 0,
      },
      "vite-plugin-web-extension/test/manifest/resources/shared/log.js": {
        "code": "//#region test/manifest/resources/shared/log.js
function log(message) {
	console.log(message);
}

//#endregion",
        "renderedExports": [
          "default",
        ],
        "renderedLength": 110,
      },
    },
    "name": "test/manifest/resources/additionalInputsHtml/html",
    "type": "chunk",
    "viteMetadata": {
      "importedAssets": Set {},
      "importedCss": Set {
        "assets/html.css",
      },
    },
  },
  {
    "fileName": "manifest.json",
    "name": undefined,
    "source": "{
  "version": "1.0.0",
  "name": "Manifest Name",
  "manifest_version": 3,
  "web_accessible_resources": [
    {
      "resources": [
        "test/manifest/resources/additionalInputsHtml/html.html"
      ],
      "matches": [
        "<all_urls>"
      ]
    }
  ]
}",
    "type": "asset",
  },
  {
    "fileName": "test/manifest/resources/additionalInputsHtml/html.html",
    "name": undefined,
    "source": "<!DOCTYPE html>
<html lang="en">
  <head>
    <meta charset="UTF-8" />

    <script type="module" src="http://example.com/httpModuleScript.js"></script>
    <script type="module" crossorigin src="/assets/test/manifest/resources/additionalInputsHtml/html.js"></script>
    <link rel="stylesheet" crossorigin href="/assets/html.css">
  </head>
</html>
",
    "type": "asset",
  },
]
`;
