// Vitest Snapshot v1, https://vitest.dev/guide/snapshot.html

exports[`additionalInputsScriptsChunkedImport - Manifest V3 1`] = `
[
  {
    "code": "//#region test/manifest/resources/shared/log.js
function log(message) {
	console.log(message);
}
//#endregion
export { log as t };
",
    "dynamicImports": [],
    "exports": [
      "t",
    ],
    "facadeModuleId": null,
    "fileName": "assets/log.js",
    "imports": [],
    "isDynamicEntry": false,
    "isEntry": false,
    "map": null,
    "modules": {
      "vite-plugin-web-extension/test/manifest/resources/shared/log.js": {
        "code": "//#region test/manifest/resources/shared/log.js
function log(message) {
	console.log(message);
}

//#endregion",
        "renderedExports": [
          "default",
        ],
        "renderedLength": 110,
      },
    },
    "name": "log",
    "type": "chunk",
    "viteMetadata": {
      "importedAssets": Set {},
      "importedCss": Set {},
    },
  },
  {
    "code": "import { t as log } from "../../../../log.js";
//#region test/manifest/resources/additionalInputsScriptsChunkedImport/script1.js
log("script1");
//#endregion
",
    "dynamicImports": [],
    "exports": [],
    "facadeModuleId": "vite-plugin-web-extension/test/manifest/resources/additionalInputsScriptsChunkedImport/script1.js",
    "fileName": "assets/test/manifest/resources/additionalInputsScriptsChunkedImport/script1.js",
    "imports": [
      "assets/log.js",
    ],
    "isDynamicEntry": false,
    "isEntry": true,
    "map": null,
    "modules": {
      "vite-plugin-web-extension/test/manifest/resources/additionalInputsScriptsChunkedImport/script1.js": {
        "code": "//#region test/manifest/resources/additionalInputsScriptsChunkedImport/script1.js
log("script1");

//#endregion",
        "renderedExports": [],
        "renderedLength": 111,
      },
    },
    "name": "test/manifest/resources/additionalInputsScriptsChunkedImport/script1",
    "type": "chunk",
    "viteMetadata": {
      "importedAssets": Set {},
      "importedCss": Set {},
    },
  },
  {
    "code": "import { t as log } from "../../../../log.js";
//#region test/manifest/resources/additionalInputsScriptsChunkedImport/script2.js
log("script2");
//#endregion
",
    "dynamicImports": [],
    "exports": [],
    "facadeModuleId": "vite-plugin-web-extension/test/manifest/resources/additionalInputsScriptsChunkedImport/script2.js",
    "fileName": "assets/test/manifest/resources/additionalInputsScriptsChunkedImport/script2.js",
    "imports": [
      "assets/log.js",
    ],
    "isDynamicEntry": false,
    "isEntry": true,
    "map": null,
    "modules": {
      "vite-plugin-web-extension/test/manifest/resources/additionalInputsScriptsChunkedImport/script2.js": {
        "code": "//#region test/manifest/resources/additionalInputsScriptsChunkedImport/script2.js
log("script2");

//#endregion",
        "renderedExports": [],
        "renderedLength": 111,
      },
    },
    "name": "test/manifest/resources/additionalInputsScriptsChunkedImport/script2",
    "type": "chunk",
    "viteMetadata": {
      "importedAssets": Set {},
      "importedCss": Set {},
    },
  },
  {
    "fileName": "manifest.json",
    "name": undefined,
    "source": "{
  "version": "1.0.0",
  "name": "Manifest Name",
  "manifest_version": 3,
  "web_accessible_resources": [
    {
      "resources": [
        "assets/log.js",
        "assets/test/manifest/resources/additionalInputsScriptsChunkedImport/script1.js",
        "assets/test/manifest/resources/additionalInputsScriptsChunkedImport/script2.js",
        "test/manifest/resources/additionalInputsScriptsChunkedImport/script1.js",
        "test/manifest/resources/additionalInputsScriptsChunkedImport/script2.js"
      ],
      "matches": [
        "<all_urls>"
      ]
    }
  ]
}",
    "type": "asset",
  },
  {
    "fileName": "test/manifest/resources/additionalInputsScriptsChunkedImport/script1.js",
    "name": undefined,
    "source": "(async()=>{await import(chrome.runtime.getURL("assets/test/manifest/resources/additionalInputsScriptsChunkedImport/script1.js"))})();",
    "type": "asset",
  },
  {
    "fileName": "test/manifest/resources/additionalInputsScriptsChunkedImport/script2.js",
    "name": undefined,
    "source": "(async()=>{await import(chrome.runtime.getURL("assets/test/manifest/resources/additionalInputsScriptsChunkedImport/script2.js"))})();",
    "type": "asset",
  },
]
`;
