// Vitest Snapshot v1, https://vitest.dev/guide/snapshot.html

exports[`additionalInputsScriptsTypes - Manifest V2 1`] = `
[
  {
    "fileName": "manifest.json",
    "name": undefined,
    "source": "{
  "version": "1.0.0",
  "name": "Manifest Name",
  "manifest_version": 2,
  "web_accessible_resources": [
    "test/manifest/resources/additionalInputsScriptsTypes/script1.js",
    "test/manifest/resources/additionalInputsScriptsTypes/script2.js"
  ]
}",
    "type": "asset",
  },
  {
    "fileName": "test/manifest/resources/additionalInputsScriptsTypes/script1.js",
    "name": undefined,
    "source": "console.log("script1");
",
    "type": "asset",
  },
  {
    "fileName": "test/manifest/resources/additionalInputsScriptsTypes/script2.js",
    "name": undefined,
    "source": "console.log("script2");
",
    "type": "asset",
  },
]
`;
