// Vitest Snapshot v1, https://vitest.dev/guide/snapshot.html

exports[`additionalInputsWebAccessible - Manifest V3 1`] = `
[
  {
    "code": "//#region test/manifest/resources/shared/log.js
function log(message) {
	console.log(message);
}
//#endregion
export { log as t };
",
    "dynamicImports": [],
    "exports": [
      "t",
    ],
    "facadeModuleId": null,
    "fileName": "assets/log.js",
    "imports": [],
    "isDynamicEntry": false,
    "isEntry": false,
    "map": null,
    "modules": {
      "vite-plugin-web-extension/test/manifest/resources/shared/log.js": {
        "code": "//#region test/manifest/resources/shared/log.js
function log(message) {
	console.log(message);
}

//#endregion",
        "renderedExports": [
          "default",
        ],
        "renderedLength": 110,
      },
    },
    "name": "log",
    "type": "chunk",
    "viteMetadata": {
      "importedAssets": Set {},
      "importedCss": Set {},
    },
  },
  {
    "code": "import { t as log } from "../../../../log.js";
//#region test/manifest/resources/additionalInputsWebAccessible/chunkedScript1.js
log("chunkedScript1");
//#endregion
",
    "dynamicImports": [],
    "exports": [],
    "facadeModuleId": "vite-plugin-web-extension/test/manifest/resources/additionalInputsWebAccessible/chunkedScript1.js",
    "fileName": "assets/test/manifest/resources/additionalInputsWebAccessible/chunkedScript1.js",
    "imports": [
      "assets/log.js",
    ],
    "isDynamicEntry": false,
    "isEntry": true,
    "map": null,
    "modules": {
      "vite-plugin-web-extension/test/manifest/resources/additionalInputsWebAccessible/chunkedScript1.js": {
        "code": "//#region test/manifest/resources/additionalInputsWebAccessible/chunkedScript1.js
log("chunkedScript1");

//#endregion",
        "renderedExports": [],
        "renderedLength": 118,
      },
    },
    "name": "test/manifest/resources/additionalInputsWebAccessible/chunkedScript1",
    "type": "chunk",
    "viteMetadata": {
      "importedAssets": Set {},
      "importedCss": Set {},
    },
  },
  {
    "code": "import { t as log } from "../../../../log.js";
//#region test/manifest/resources/additionalInputsWebAccessible/chunkedScript2.js
log("chunkedScript2");
//#endregion
",
    "dynamicImports": [],
    "exports": [],
    "facadeModuleId": "vite-plugin-web-extension/test/manifest/resources/additionalInputsWebAccessible/chunkedScript2.js",
    "fileName": "assets/test/manifest/resources/additionalInputsWebAccessible/chunkedScript2.js",
    "imports": [
      "assets/log.js",
    ],
    "isDynamicEntry": false,
    "isEntry": true,
    "map": null,
    "modules": {
      "vite-plugin-web-extension/test/manifest/resources/additionalInputsWebAccessible/chunkedScript2.js": {
        "code": "//#region test/manifest/resources/additionalInputsWebAccessible/chunkedScript2.js
log("chunkedScript2");

//#endregion",
        "renderedExports": [],
        "renderedLength": 118,
      },
    },
    "name": "test/manifest/resources/additionalInputsWebAccessible/chunkedScript2",
    "type": "chunk",
    "viteMetadata": {
      "importedAssets": Set {},
      "importedCss": Set {},
    },
  },
  {
    "code": "import { t as log } from "../../../../log.js";
//#region test/manifest/resources/additionalInputsWebAccessible/chunkedScript3.js
log("chunkedScript3");
//#endregion
",
    "dynamicImports": [],
    "exports": [],
    "facadeModuleId": "vite-plugin-web-extension/test/manifest/resources/additionalInputsWebAccessible/chunkedScript3.js",
    "fileName": "assets/test/manifest/resources/additionalInputsWebAccessible/chunkedScript3.js",
    "imports": [
      "assets/log.js",
    ],
    "isDynamicEntry": false,
    "isEntry": true,
    "map": null,
    "modules": {
      "vite-plugin-web-extension/test/manifest/resources/additionalInputsWebAccessible/chunkedScript3.js": {
        "code": "//#region test/manifest/resources/additionalInputsWebAccessible/chunkedScript3.js
log("chunkedScript3");

//#endregion",
        "renderedExports": [],
        "renderedLength": 118,
      },
    },
    "name": "test/manifest/resources/additionalInputsWebAccessible/chunkedScript3",
    "type": "chunk",
    "viteMetadata": {
      "importedAssets": Set {},
      "importedCss": Set {},
    },
  },
  {
    "fileName": "manifest.json",
    "name": undefined,
    "source": "{
  "version": "1.0.0",
  "name": "Manifest Name",
  "manifest_version": 3,
  "web_accessible_resources": [
    {
      "resources": [
        "test/manifest/resources/additionalInputsWebAccessible/script1.js"
      ],
      "matches": [
        "<all_urls>"
      ]
    },
    {
      "resources": [
        "assets/log.js",
        "assets/test/manifest/resources/additionalInputsWebAccessible/chunkedScript1.js",
        "assets/test/manifest/resources/additionalInputsWebAccessible/chunkedScript2.js",
        "assets/test/manifest/resources/additionalInputsWebAccessible/chunkedScript3.js",
        "test/manifest/resources/additionalInputsWebAccessible/chunkedScript1.js",
        "test/manifest/resources/additionalInputsWebAccessible/chunkedScript2.js",
        "test/manifest/resources/additionalInputsWebAccessible/script2.js",
        "test/manifest/resources/additionalInputsWebAccessible/script3.js"
      ],
      "matches": [
        "https://example.com/"
      ]
    },
    {
      "resources": [
        "test/manifest/resources/additionalInputsWebAccessible/script5.js",
        "test/manifest/resources/additionalInputsWebAccessible/script6.js"
      ],
      "extension_ids": [
        "oilkjaldkfjlasdf"
      ]
    }
  ]
}",
    "type": "asset",
  },
  {
    "fileName": "test/manifest/resources/additionalInputsWebAccessible/chunkedScript1.js",
    "name": undefined,
    "source": "(async()=>{await import(chrome.runtime.getURL("assets/test/manifest/resources/additionalInputsWebAccessible/chunkedScript1.js"))})();",
    "type": "asset",
  },
  {
    "fileName": "test/manifest/resources/additionalInputsWebAccessible/chunkedScript2.js",
    "name": undefined,
    "source": "(async()=>{await import(chrome.runtime.getURL("assets/test/manifest/resources/additionalInputsWebAccessible/chunkedScript2.js"))})();",
    "type": "asset",
  },
  {
    "fileName": "test/manifest/resources/additionalInputsWebAccessible/chunkedScript3.js",
    "name": undefined,
    "source": "(async()=>{await import(chrome.runtime.getURL("assets/test/manifest/resources/additionalInputsWebAccessible/chunkedScript3.js"))})();",
    "type": "asset",
  },
  {
    "fileName": "test/manifest/resources/additionalInputsWebAccessible/script1.js",
    "name": undefined,
    "source": "//#region test/manifest/resources/additionalInputsWebAccessible/script1.js
console.log("script1");
//#endregion
",
    "type": "asset",
  },
  {
    "fileName": "test/manifest/resources/additionalInputsWebAccessible/script2.js",
    "name": undefined,
    "source": "//#region test/manifest/resources/additionalInputsWebAccessible/script2.js
console.log("script2");
//#endregion
",
    "type": "asset",
  },
  {
    "fileName": "test/manifest/resources/additionalInputsWebAccessible/script3.js",
    "name": undefined,
    "source": "//#region test/manifest/resources/additionalInputsWebAccessible/script3.js
console.log("script3");
//#endregion
",
    "type": "asset",
  },
  {
    "fileName": "test/manifest/resources/additionalInputsWebAccessible/script4.js",
    "name": undefined,
    "source": "//#region test/manifest/resources/additionalInputsWebAccessible/script4.js
console.log("script4");
//#endregion
",
    "type": "asset",
  },
  {
    "fileName": "test/manifest/resources/additionalInputsWebAccessible/script5.js",
    "name": undefined,
    "source": "//#region test/manifest/resources/additionalInputsWebAccessible/script5.ts
console.log("script5");
//#endregion
",
    "type": "asset",
  },
  {
    "fileName": "test/manifest/resources/additionalInputsWebAccessible/script6.js",
    "name": undefined,
    "source": "//#region test/manifest/resources/additionalInputsWebAccessible/script6.js
console.log("script6");
//#endregion
",
    "type": "asset",
  },
  {
    "fileName": "test/manifest/resources/additionalInputsWebAccessible/script7.js",
    "name": undefined,
    "source": "//#region test/manifest/resources/additionalInputsWebAccessible/script7.js
console.log("script7");
//#endregion
",
    "type": "asset",
  },
]
`;
