// Vitest Snapshot v1, https://vitest.dev/guide/snapshot.html

exports[`backgroundScript - Manifest V2 1`] = `
[
  {
    "code": "//#region test/manifest/resources/shared/log.js
function log(message) {
	console.log(message);
}
//#endregion
//#region test/manifest/resources/backgroundScript/background.js
log("background");
//#endregion
",
    "dynamicImports": [],
    "exports": [],
    "facadeModuleId": "vite-plugin-web-extension/background.html",
    "fileName": "assets/background.js",
    "imports": [],
    "isDynamicEntry": false,
    "isEntry": true,
    "map": null,
    "modules": {
      "vite-plugin-web-extension/background.html": {
        "code": null,
        "renderedExports": [],
        "renderedLength": 0,
      },
      "vite-plugin-web-extension/test/manifest/resources/backgroundScript/background.js": {
        "code": "//#region test/manifest/resources/backgroundScript/background.js
log("background");

//#endregion",
        "renderedExports": [],
        "renderedLength": 97,
      },
      "vite-plugin-web-extension/test/manifest/resources/shared/log.js": {
        "code": "//#region test/manifest/resources/shared/log.js
function log(message) {
	console.log(message);
}

//#endregion",
        "renderedExports": [
          "default",
        ],
        "renderedLength": 110,
      },
    },
    "name": "background",
    "type": "chunk",
    "viteMetadata": {
      "importedAssets": Set {},
      "importedCss": Set {},
    },
  },
  {
    "fileName": "background.html",
    "name": undefined,
    "source": "<!DOCTYPE html><html lang="en"><head><meta charset="UTF-8" />  <script type="module" crossorigin src="/assets/background.js"></script>
</head></html>",
    "type": "asset",
  },
  {
    "fileName": "manifest.json",
    "name": undefined,
    "source": "{
  "version": "1.0.0",
  "name": "Manifest Name",
  "manifest_version": 2,
  "background": {
    "persistent": false,
    "page": "background.html"
  }
}",
    "type": "asset",
  },
]
`;
