// Vitest Snapshot v1, https://vitest.dev/guide/snapshot.html

exports[`backgroundServiceWorker - Manifest V3 1`] = `
[
  {
    "code": "//#region test/manifest/resources/backgroundServiceWorker/serviceWorker.js
console.log("serviceWorker");
//#endregion
",
    "dynamicImports": [],
    "exports": [],
    "facadeModuleId": "vite-plugin-web-extension/test/manifest/resources/backgroundServiceWorker/serviceWorker.js",
    "fileName": "assets/test/manifest/resources/backgroundServiceWorker/serviceWorker.js",
    "imports": [],
    "isDynamicEntry": false,
    "isEntry": true,
    "map": null,
    "modules": {
      "vite-plugin-web-extension/test/manifest/resources/backgroundServiceWorker/serviceWorker.js": {
        "code": "//#region test/manifest/resources/backgroundServiceWorker/serviceWorker.js
console.log("serviceWorker");

//#endregion",
        "renderedExports": [],
        "renderedLength": 118,
      },
    },
    "name": "test/manifest/resources/backgroundServiceWorker/serviceWorker",
    "type": "chunk",
    "viteMetadata": {
      "importedAssets": Set {},
      "importedCss": Set {},
    },
  },
  {
    "fileName": "manifest.json",
    "name": undefined,
    "source": "{
  "version": "1.0.0",
  "name": "Manifest Name",
  "manifest_version": 3,
  "background": {
    "service_worker": "serviceWorker.js",
    "type": "module"
  }
}",
    "type": "asset",
  },
  {
    "fileName": "serviceWorker.js",
    "name": undefined,
    "source": "import "/assets/test/manifest/resources/backgroundServiceWorker/serviceWorker.js";",
    "type": "asset",
  },
]
`;
