// Vitest Snapshot v1, https://vitest.dev/guide/snapshot.html

exports[`chunkCssRewrite - Manifest V3 1`] = `
[
  {
    "fileName": "assets/content1.css",
    "name": "content1.css",
    "source": "#content1 {
  display: flex;
}
",
    "type": "asset",
  },
  {
    "fileName": "assets/content2.css",
    "name": "content2.css",
    "source": "#content2 {
  display: flex;
}
",
    "type": "asset",
  },
  {
    "fileName": "assets/contentShared.css",
    "name": "contentShared.css",
    "source": "#contentShared {
  display: flex;
}
",
    "type": "asset",
  },
  {
    "fileName": "manifest.json",
    "name": undefined,
    "source": "{
  "version": "1.0.0",
  "name": "Manifest Name",
  "manifest_version": 3,
  "content_scripts": [
    {
      "js": [
        "test/manifest/resources/chunkCssRewrite/content1.js"
      ],
      "matches": [
        "https://*/*",
        "http://*/*"
      ]
    },
    {
      "js": [
        "test/manifest/resources/chunkCssRewrite/content2.js"
      ],
      "matches": [
        "https://*/*",
        "http://*/*"
      ]
    },
    {
      "js": [
        "test/manifest/resources/chunkCssRewrite/contentNoCss.js"
      ],
      "matches": [
        "https://*/*",
        "http://*/*"
      ]
    }
  ],
  "web_accessible_resources": [
    {
      "resources": [
        "assets/content1.css",
        "assets/content2.css",
        "assets/contentShared.css"
      ],
      "matches": [
        "https://*/*",
        "http://*/*"
      ],
      "use_dynamic_url": true
    }
  ]
}",
    "type": "asset",
  },
  {
    "fileName": "test/manifest/resources/chunkCssRewrite/content1.js",
    "name": undefined,
    "source": "/* empty css                        */
console.log(["assets/content1.css","assets/contentShared.css"]);
",
    "type": "asset",
  },
  {
    "fileName": "test/manifest/resources/chunkCssRewrite/content2.js",
    "name": undefined,
    "source": "/* empty css                        */
console.log(["assets/content2.css","assets/contentShared.css"]);
",
    "type": "asset",
  },
  {
    "fileName": "test/manifest/resources/chunkCssRewrite/contentNoCss.js",
    "name": undefined,
    "source": "console.log([]);
",
    "type": "asset",
  },
]
`;
