// Vitest Snapshot v1

exports[`contentWithNoImports - Manifest V2 1`] = `
[
  {
    "fileName": "test/manifest/resources/contentWithNoImports/content.js",
    "name": undefined,
    "source": "console.log(\\"content\\");
",
    "type": "asset",
  },
  {
    "fileName": "manifest.json",
    "name": undefined,
    "source": "{
  \\"version\\": \\"1.0.0\\",
  \\"name\\": \\"Manifest Name\\",
  \\"manifest_version\\": 2,
  \\"content_scripts\\": [
    {
      \\"js\\": [
        \\"test/manifest/resources/contentWithNoImports/content.js\\"
      ],
      \\"matches\\": [
        \\"https://*/*\\",
        \\"http://*/*\\"
      ]
    }
  ]
}",
    "type": "asset",
  },
]
`;
