// Vitest Snapshot v1, https://vitest.dev/guide/snapshot.html

exports[`contentCss - Manifest V2 1`] = `
[
  {
    "fileName": "assets/test/manifest/resources/contentCss/content1.css",
    "name": "test/manifest/resources/contentCss/content1.css",
    "source": ".css {
  color: red;
}
",
    "type": "asset",
  },
  {
    "fileName": "assets/test/manifest/resources/contentCss/content2.css",
    "name": "test/manifest/resources/contentCss/content2.css",
    "source": ".css {
  color: green;
}",
    "type": "asset",
  },
  {
    "fileName": "manifest.json",
    "name": undefined,
    "source": "{
  \\"version\\": \\"1.0.0\\",
  \\"name\\": \\"Manifest Name\\",
  \\"manifest_version\\": 2,
  \\"content_scripts\\": [
    {
      \\"js\\": [
        \\"test/manifest/resources/contentCss/content.js\\"
      ],
      \\"css\\": [
        \\"assets/test/manifest/resources/contentCss/content1.css\\",
        \\"assets/test/manifest/resources/contentCss/content2.css\\"
      ],
      \\"matches\\": [
        \\"https://*/*\\",
        \\"http://*/*\\"
      ]
    }
  ]
}",
    "type": "asset",
  },
  {
    "fileName": "test/manifest/resources/contentCss/content.js",
    "name": undefined,
    "source": "console.log(\\"content\\");
",
    "type": "asset",
  },
]
`;
