// Vitest Snapshot v1, https://vitest.dev/guide/snapshot.html

exports[`htmlUrlProperties - Manifest V2 1`] = `
[
  {
    "code": "//#region test/manifest/resources/shared/log.js
function log(message) {
	console.log(message);
}
//#endregion
export { log as t };
",
    "dynamicImports": [],
    "exports": [
      "t",
    ],
    "facadeModuleId": null,
    "fileName": "assets/log.js",
    "imports": [],
    "isDynamicEntry": false,
    "isEntry": false,
    "map": null,
    "modules": {
      "vite-plugin-web-extension/test/manifest/resources/shared/log.js": {
        "code": "//#region test/manifest/resources/shared/log.js
function log(message) {
	console.log(message);
}

//#endregion",
        "renderedExports": [
          "default",
        ],
        "renderedLength": 110,
      },
    },
    "name": "log",
    "type": "chunk",
    "viteMetadata": {
      "importedAssets": Set {},
      "importedCss": Set {},
    },
  },
  {
    "code": "import { t as log } from "../../../../log.js";
//#region test/manifest/resources/htmlUrlProperties/devtools.js
log("devtools");
//#endregion
",
    "dynamicImports": [],
    "exports": [],
    "facadeModuleId": "vite-plugin-web-extension/test/manifest/resources/htmlUrlProperties/devtools.html",
    "fileName": "assets/test/manifest/resources/htmlUrlProperties/devtools.js",
    "imports": [
      "assets/log.js",
    ],
    "isDynamicEntry": false,
    "isEntry": true,
    "map": null,
    "modules": {
      "vite-plugin-web-extension/test/manifest/resources/htmlUrlProperties/devtools.html": {
        "code": null,
        "renderedExports": [],
        "renderedLength": 0,
      },
      "vite-plugin-web-extension/test/manifest/resources/htmlUrlProperties/devtools.js": {
        "code": "//#region test/manifest/resources/htmlUrlProperties/devtools.js
log("devtools");

//#endregion",
        "renderedExports": [],
        "renderedLength": 94,
      },
    },
    "name": "test/manifest/resources/htmlUrlProperties/devtools",
    "type": "chunk",
    "viteMetadata": {
      "importedAssets": Set {},
      "importedCss": Set {},
    },
  },
  {
    "code": "import { t as log } from "../../../../log.js";
//#region test/manifest/resources/htmlUrlProperties/options.js
log("options");
//#endregion
",
    "dynamicImports": [],
    "exports": [],
    "facadeModuleId": "vite-plugin-web-extension/test/manifest/resources/htmlUrlProperties/options.html",
    "fileName": "assets/test/manifest/resources/htmlUrlProperties/options.js",
    "imports": [
      "assets/log.js",
    ],
    "isDynamicEntry": false,
    "isEntry": true,
    "map": null,
    "modules": {
      "vite-plugin-web-extension/test/manifest/resources/htmlUrlProperties/options.html": {
        "code": null,
        "renderedExports": [],
        "renderedLength": 0,
      },
      "vite-plugin-web-extension/test/manifest/resources/htmlUrlProperties/options.js": {
        "code": "//#region test/manifest/resources/htmlUrlProperties/options.js
log("options");

//#endregion",
        "renderedExports": [],
        "renderedLength": 92,
      },
    },
    "name": "test/manifest/resources/htmlUrlProperties/options",
    "type": "chunk",
    "viteMetadata": {
      "importedAssets": Set {},
      "importedCss": Set {},
    },
  },
  {
    "code": "import { t as log } from "../../../../log.js";
//#region test/manifest/resources/htmlUrlProperties/popup.js
log("popup");
//#endregion
",
    "dynamicImports": [],
    "exports": [],
    "facadeModuleId": "vite-plugin-web-extension/test/manifest/resources/htmlUrlProperties/popup.html",
    "fileName": "assets/test/manifest/resources/htmlUrlProperties/popup.js",
    "imports": [
      "assets/log.js",
    ],
    "isDynamicEntry": false,
    "isEntry": true,
    "map": null,
    "modules": {
      "vite-plugin-web-extension/test/manifest/resources/htmlUrlProperties/popup.html": {
        "code": null,
        "renderedExports": [],
        "renderedLength": 0,
      },
      "vite-plugin-web-extension/test/manifest/resources/htmlUrlProperties/popup.js": {
        "code": "//#region test/manifest/resources/htmlUrlProperties/popup.js
log("popup");

//#endregion",
        "renderedExports": [],
        "renderedLength": 88,
      },
    },
    "name": "test/manifest/resources/htmlUrlProperties/popup",
    "type": "chunk",
    "viteMetadata": {
      "importedAssets": Set {},
      "importedCss": Set {},
    },
  },
  {
    "fileName": "manifest.json",
    "name": undefined,
    "source": "{
  "version": "1.0.0",
  "name": "Manifest Name",
  "manifest_version": 2,
  "browser_action": {
    "default_popup": "test/manifest/resources/htmlUrlProperties/popup.html#hashValue"
  },
  "devtools_page": "test/manifest/resources/htmlUrlProperties/devtools.html?query=1",
  "options_ui": {
    "page": "test/manifest/resources/htmlUrlProperties/options.html?query=1#hashValue"
  }
}",
    "type": "asset",
  },
  {
    "fileName": "test/manifest/resources/htmlUrlProperties/devtools.html",
    "name": undefined,
    "source": "<!DOCTYPE html>
<html lang="en">
  <head>
    <meta charset="UTF-8" />

    <script type="module" src="http://example.com/httpModuleScript.js"></script>
    <script type="module" crossorigin src="/assets/test/manifest/resources/htmlUrlProperties/devtools.js"></script>
  </head>
</html>
",
    "type": "asset",
  },
  {
    "fileName": "test/manifest/resources/htmlUrlProperties/options.html",
    "name": undefined,
    "source": "<!DOCTYPE html>
<html lang="en">
  <head>
    <meta charset="UTF-8" />

    <script type="module" src="http://example.com/httpModuleScript.js"></script>
    <script type="module" crossorigin src="/assets/test/manifest/resources/htmlUrlProperties/options.js"></script>
  </head>
</html>
",
    "type": "asset",
  },
  {
    "fileName": "test/manifest/resources/htmlUrlProperties/popup.html",
    "name": undefined,
    "source": "<!DOCTYPE html>
<html lang="en">
  <head>
    <meta charset="UTF-8" />

    <script type="module" src="http://example.com/httpModuleScript.js"></script>
    <script type="module" crossorigin src="/assets/test/manifest/resources/htmlUrlProperties/popup.js"></script>
  </head>
</html>
",
    "type": "asset",
  },
]
`;
