// Vitest Snapshot v1, https://vitest.dev/guide/snapshot.html

exports[`popupHtml - Manifest V2 1`] = `
[
  {
    "code": "//#region test/manifest/resources/shared/log.js
function log(message) {
	console.log(message);
}
//#endregion
//#region test/manifest/resources/popupHtml/popup.js
log("popup");
//#endregion
",
    "dynamicImports": [],
    "exports": [],
    "facadeModuleId": "vite-plugin-web-extension/test/manifest/resources/popupHtml/popup.html",
    "fileName": "assets/test/manifest/resources/popupHtml/popup.js",
    "imports": [],
    "isDynamicEntry": false,
    "isEntry": true,
    "map": null,
    "modules": {
      "vite-plugin-web-extension/test/manifest/resources/popupHtml/popup.html": {
        "code": null,
        "renderedExports": [],
        "renderedLength": 0,
      },
      "vite-plugin-web-extension/test/manifest/resources/popupHtml/popup.js": {
        "code": "//#region test/manifest/resources/popupHtml/popup.js
log("popup");

//#endregion",
        "renderedExports": [],
        "renderedLength": 80,
      },
      "vite-plugin-web-extension/test/manifest/resources/shared/log.js": {
        "code": "//#region test/manifest/resources/shared/log.js
function log(message) {
	console.log(message);
}

//#endregion",
        "renderedExports": [
          "default",
        ],
        "renderedLength": 110,
      },
    },
    "name": "test/manifest/resources/popupHtml/popup",
    "type": "chunk",
    "viteMetadata": {
      "importedAssets": Set {},
      "importedCss": Set {},
    },
  },
  {
    "fileName": "manifest.json",
    "name": undefined,
    "source": "{
  "version": "1.0.0",
  "name": "Manifest Name",
  "manifest_version": 2,
  "browser_action": {
    "default_popup": "test/manifest/resources/popupHtml/popup.html"
  }
}",
    "type": "asset",
  },
  {
    "fileName": "test/manifest/resources/popupHtml/popup.html",
    "name": undefined,
    "source": "<!DOCTYPE html>
<html lang="en">
  <head>
    <meta charset="UTF-8" />

    <script type="module" src="http://example.com/httpModuleScript.js"></script>
    <script type="module" crossorigin src="/assets/test/manifest/resources/popupHtml/popup.js"></script>
  </head>
</html>
",
    "type": "asset",
  },
]
`;
