// Vitest Snapshot v1, https://vitest.dev/guide/snapshot.html

exports[`sidePanelHtml - Manifest V3 1`] = `
[
  {
    "code": "function log(message) {
  console.log(message);
}
log("sidepanel");
",
    "dynamicImports": [],
    "exports": [],
    "facadeModuleId": "vite-plugin-web-extension/test/manifest/resources/sidePanelHtml/sidepanel.html",
    "fileName": "assets/test/manifest/resources/sidePanelHtml/sidepanel.js",
    "implicitlyLoadedBefore": [],
    "importedBindings": {},
    "imports": [],
    "isDynamicEntry": false,
    "isEntry": true,
    "isImplicitEntry": false,
    "map": null,
    "modules": {
      "vite-plugin-web-extension/test/manifest/resources/shared/log.js": {
        "code": "function log(message) {
  console.log(message);
}",
        "originalLength": 65,
        "removedExports": [],
        "renderedExports": [
          "default",
        ],
        "renderedLength": 49,
      },
      "vite-plugin-web-extension/test/manifest/resources/sidePanelHtml/sidepanel.html": {
        "code": "",
        "originalLength": 228,
        "removedExports": [],
        "renderedExports": [],
        "renderedLength": 0,
      },
      "vite-plugin-web-extension/test/manifest/resources/sidePanelHtml/sidepanel.js": {
        "code": "log("sidepanel");",
        "originalLength": 54,
        "removedExports": [],
        "renderedExports": [],
        "renderedLength": 17,
      },
    },
    "name": "test/manifest/resources/sidePanelHtml/sidepanel",
    "referencedFiles": [],
    "type": "chunk",
    "viteMetadata": {
      "importedAssets": Set {},
      "importedCss": Set {},
    },
  },
  {
    "fileName": "manifest.json",
    "name": undefined,
    "source": "{
  "version": "1.0.0",
  "name": "Manifest Name",
  "manifest_version": 3,
  "side_panel": {
    "default_path": "test/manifest/resources/sidePanelHtml/sidepanel.html"
  }
}",
    "type": "asset",
  },
  {
    "fileName": "test/manifest/resources/sidePanelHtml/sidepanel.html",
    "name": undefined,
    "source": "<!DOCTYPE html>
<html lang="en">
  <head>
    <meta charset="UTF-8" />

    <script type="module" src="http://example.com/httpModuleScript.js"></script>
    <script type="module" crossorigin src="/assets/test/manifest/resources/sidePanelHtml/sidepanel.js"></script>
  </head>
</html>
",
    "type": "asset",
  },
]
`;
