// Vitest Snapshot v1

exports[`webAccessibleScriptWithNoImport - Manifest V3 1`] = `
[
  {
    "fileName": "assets/test/manifest/resources/webAccessibleScriptWithNoImport/webAccessibleScript.js",
    "name": undefined,
    "source": "console.log(\\"webAccessibleScript\\");
",
    "type": "asset",
  },
  {
    "fileName": "manifest.json",
    "name": undefined,
    "source": "{
  \\"version\\": \\"1.0.0\\",
  \\"name\\": \\"Manifest Name\\",
  \\"manifest_version\\": 3,
  \\"web_accessible_resources\\": [
    {
      \\"resources\\": [
        \\"test/manifest/resources/webAccessibleScriptWithNoImport/webAccessibleScript.js\\"
      ],
      \\"matches\\": [
        \\"https://*/*\\",
        \\"http://*/*\\"
      ]
    }
  ]
}",
    "type": "asset",
  },
]
`;
